#available?
  should: %s be_true

#registered?
  should: %s be_false

#nameservers
  should: %s be_empty

#registrar
  should: %s be_nil

#registrant_contacts
  should: %s be_empty
